Drill report for Administrative_Button_PCB.kicad_pcb
Created on 2026-08-18T17:09:05-0400

Copper Layer Stackup:
    =============================================================
    L1 :  F.Cu                      front
    L2 :  B.Cu                      back


Drill file 'Administrative_Button_PCB-PTH.drl' contains
    plated through holes:
    =============================================================
    T1  0.750mm  0.0295"  (7 holes)
    T2  0.800mm  0.0315"  (10 holes)
    T3  0.900mm  0.0354"  (10 holes)
    T4  1.000mm  0.0394"  (2 holes)  (with 2 slots)
    T5  1.500mm  0.0591"  (10 holes)

    Total plated holes count 39


Drill file 'Administrative_Button_PCB-NPTH.drl' contains
    unplated through holes:
    =============================================================
    T1  1.700mm  0.0669"  (10 holes)
    T2  4.000mm  0.1575"  (5 holes)

    Total unplated holes count 15
