Drill report for Movement_Button_PCB.kicad_pcb
Created on 2026-08-18T17:13:23-0400

Copper Layer Stackup:
    =============================================================
    L1 :  F.Cu                      front
    L2 :  B.Cu                      back


Drill file 'Movement_Button_PCB-PTH.drl' contains
    plated through holes:
    =============================================================
    T1  0.750mm  0.0295"  (6 holes)
    T2  0.800mm  0.0315"  (8 holes)
    T3  0.900mm  0.0354"  (8 holes)
    T4  1.500mm  0.0591"  (8 holes)

    Total plated holes count 30


Drill file 'Movement_Button_PCB-NPTH.drl' contains
    unplated through holes:
    =============================================================
    T1  1.700mm  0.0669"  (8 holes)
    T2  4.000mm  0.1575"  (4 holes)

    Total unplated holes count 12
