Drill report for Action_Button_PCB.kicad_pcb
Created on 2026-08-18T15:08:34-0400

Copper Layer Stackup:
    =============================================================
    L1 :  F.Cu                      front
    L2 :  B.Cu                      back


Drill file 'Action_Button_PCB-PTH.drl' contains
    plated through holes:
    =============================================================
    T1  0.300mm  0.0118"  (3 holes)
    T2  0.750mm  0.0295"  (20 holes)
    T3  0.800mm  0.0315"  (16 holes)
    T4  0.900mm  0.0354"  (16 holes)
    T5  1.000mm  0.0394"  (40 holes)
    T6  1.500mm  0.0591"  (16 holes)

    Total plated holes count 111


Drill file 'Action_Button_PCB-NPTH.drl' contains
    unplated through holes:
    =============================================================
    T1  1.700mm  0.0669"  (16 holes)
    T2  1.850mm  0.0728"  (2 holes)
    T3  2.200mm  0.0866"  (2 holes)
    T4  4.000mm  0.1575"  (8 holes)

    Total unplated holes count 28
